../Drivers/CMSIS/Include/core_cm4.h:1933:34:__NVIC_SystemReset	4	static,ignoring_inline_asm
../LoRaWAN/App/lora_app.c:347:13:SetRx2Sf9EU868	56	static
../LoRaWAN/App/lora_app.c:372:13:PreJoinEU868	64	static
../LoRaWAN/App/lora_app.c:408:13:sht40Data	4	static,ignoring_inline_asm
../LoRaWAN/App/lora_app.c:413:13:rs485Data	4	static,ignoring_inline_asm
../LoRaWAN/App/lora_app.c:420:6:LoRaWAN_Init	32	static
../LoRaWAN/App/lora_app.c:511:6:HAL_GPIO_EXTI_Callback	16	static
../LoRaWAN/App/lora_app.c:535:13:OnRxData	56	static
../LoRaWAN/App/lora_app.c:620:13:SendTxData	128	static
../LoRaWAN/App/lora_app.c:758:13:OnTxTimerEvent	16	static
../LoRaWAN/App/lora_app.c:778:13:OnTxTimerLedEvent	16	static
../LoRaWAN/App/lora_app.c:785:13:OnRxTimerLedEvent	16	static
../LoRaWAN/App/lora_app.c:792:13:OnJoinTimerLedEvent	16	static
../LoRaWAN/App/lora_app.c:801:13:OnTxData	32	static
../LoRaWAN/App/lora_app.c:832:13:OnJoinRequest	16	static
../LoRaWAN/App/lora_app.c:870:13:OnBeaconStatusChange	96	static
../LoRaWAN/App/lora_app.c:905:13:OnSysTimeUpdate	4	static
../LoRaWAN/App/lora_app.c:912:13:OnClassChange	24	static
../LoRaWAN/App/lora_app.c:919:13:OnMacProcessNotify	8	static
../LoRaWAN/App/lora_app.c:931:13:OnTxPeriodicityChanged	16	static
../LoRaWAN/App/lora_app.c:953:13:OnTxFrameCtrlChanged	16	static
../LoRaWAN/App/lora_app.c:964:13:OnPingSlotPeriodicityChanged	16	static
../LoRaWAN/App/lora_app.c:975:13:OnSystemReset	8	static
../LoRaWAN/App/lora_app.c:989:13:StopJoin	8	static
../LoRaWAN/App/lora_app.c:1029:13:OnStopJoinTimerEvent	16	static
../LoRaWAN/App/lora_app.c:1047:13:StoreContext	16	static
../LoRaWAN/App/lora_app.c:1069:13:OnNvmDataChange	16	static
../LoRaWAN/App/lora_app.c:1087:13:OnStoreContextRequest	16	static
../LoRaWAN/App/lora_app.c:1102:13:OnRestoreContextRequest	16	static
